================================================================
== Design Size Report
================================================================

* Total Instructions per Compilation Phase
+---------------+-----------------------------+--------------+----------------------------------------------------------------------------------------+
| Phase         | Step                        | Instructions | Description                                                                            |
+---------------+-----------------------------+--------------+----------------------------------------------------------------------------------------+
| Compile/Link  |                             |  10,993      | After all functions are compiled and linked into a single design                       |
|               |                             |              |                                                                                        |
| Unroll/Inline |                             |              | After user unroll and inline pragmas are applied                                       |
|               | (1) unroll                  | 709,087 *    | user unroll pragmas are applied                                                        |
|               | (2) simplification          | 424,719 *    | simplification of applied user unroll pragmas                                          |
|               | (3) inline                  | 424,455 *    | user inline pragmas are applied                                                        |
|               | (4) simplification          | 374,517 *    | simplification of applied user inline pragmas                                          |
|               |                             |              |                                                                                        |
| Array/Struct  |                             |              | After user array partition and struct aggregate/disaggregate pragmas are applied       |
|               | (1) array partition         | 613,014 *    | user array partition pragmas are applied                                               |
|               | (2) simplification          | 377,530 *    | simplification of applied user array partition & struct aggregate/disaggregate pragmas |
|               | (3) aggregate/disaggregate  | 377,757 *    | user struct aggregate/disaggregate pragmas are applied                                 |
|               | (4) array reshape           | 392,880 *    | apply array reshape pragmas                                                            |
|               | (5) access patterns         | 389,462 *    | array access pattern optmizations                                                      |
|               |                             |              |                                                                                        |
| Performance   |                             |              | After transformations are applied to meet performance pragma targets                   |
|               | (1) loop simplification     | 280,141 *    | loop and instruction simplification                                                    |
|               | (2) parallelization         | 198,656 *    | loops are unrolled or pipelined to meet performance targets                            |
|               | (3) array partition         | 197,880 *    | arrays are partitioned to meet performance targets                                     |
|               | (4) simplification          | 196,476 *    | simplification of design after performance transformations                             |
|               |                             |              |                                                                                        |
| HW Transforms |                             |              | After hardware transfomations                                                          |
|               | (1) lowering                | 193,689 *    | initial conversion to HW specific instructions                                         |
|               | (2) optimizations           | 196,378 *    | high level synthesis optimizations                                                     |
+---------------+-----------------------------+--------------+----------------------------------------------------------------------------------------+
    * - Exceeded design size warning message threshold

* Instructions per Function for each Compilation Phase
+--------------------+--------------------------+-----------------+----------------------+----------------------+-------------+---------------+
| Function           | Location                 | Compile/Link    | Unroll/Inline        | Array/Struct         | Performance | HW Transforms |
+--------------------+--------------------------+-----------------+----------------------+----------------------+-------------+---------------+
| + hcal_cluster_hls | hcal_cluster_hls.cpp:19  | 10,993          | 374,517 *            | 389,462 *            | 196,476 *   | 196,378 *     |
|  + Find_nearby     | hcal_cluster_hls.cpp:244 | 3,687           |                      |                      |             |               |
|     Find_block     | hcal_cluster_hls.cpp:211 |   264 (2 calls) |                      |                      |             |               |
|     Find_channel   | hcal_cluster_hls.cpp:228 | 1,592 (8 calls) |                      |                      |             |               |
|    Find_block      | hcal_cluster_hls.cpp:211 |   264 (2 calls) |  8,640 (576 calls)   |  8,640 (576 calls)   |             |               |
|  + Find_cluster    | hcal_cluster_hls.cpp:269 | 3,363           | 315,648 (288 calls)  | 301,824 (288 calls)  |             |               |
|     hit_coin_t     | hcal_cluster_hls.cpp:264 |   786 (3 calls) | 145,152 (6912 calls) | 145,152 (6912 calls) |             |               |
|    FiberOut        | hcal_cluster_hls.cpp:168 | 1,458           |  3,026               |  2,643               |             |               |
+--------------------+--------------------------+-----------------+----------------------+----------------------+-------------+---------------+
    * - Exceeded design size warning message threshold

* Design Size Message Settings
+---------------------------------------------+--------+------------------------------------------------------------------+
| Message Setting                             | Value  | Description                                                      |
+---------------------------------------------+--------+------------------------------------------------------------------+
| config_compile -design_size_maximum_warning | 100000 | Show a warning when total design instructions exceeds this value |
+---------------------------------------------+--------+------------------------------------------------------------------+


