

================================================================
== Synthesis Summary Report of 'hcal_cluster_hls'
================================================================
+ General Information: 
    * Date:           Wed Dec  6 14:21:48 2023
    * Version:        2020.2 (Build 3064766 on Wed Nov 18 09:12:47 MST 2020)
    * Project:        GEp_trigger
    * Solution:       solution1 (Vivado IP Flow Target)
    * Product family: virtex7
    * Target device:  xc7vx550t-ffg1927-1
    

+ Performance & Resource Estimates: 
    
    PS: '+' for module; 'o' for loop; '*' for dataflow
    +------------------------------+------+--------+---------+-----------+----------+---------+------+----------+----------+----+------------+------------+-----+
    |            Modules           | Issue|        | Latency |  Latency  | Iteration|         | Trip |          |          |    |            |            |     |
    |            & Loops           | Type |  Slack | (cycles)|    (ns)   |  Latency | Interval| Count| Pipelined|   BRAM   | DSP|     FF     |     LUT    | URAM|
    +------------------------------+------+--------+---------+-----------+----------+---------+------+----------+----------+----+------------+------------+-----+
    |+ hcal_cluster_hls            |     -|  -14.65|  2054909|  6.576e+07|         -|  2054910|     -|        no|  16 (~0%)|   -|  15894 (2%)|  25187 (7%)|    -|
    | + grp_Find_cluster_fu_26606  |     -|  -18.41|      121|  3.872e+03|         -|      121|     -|        no|         -|   -|   246 (~0%)|   715 (~0%)|    -|
    |  o VITIS_LOOP_228_1          |     -|  -23.36|      112|  3.584e+03|        13|        -|     8|        no|         -|   -|           -|           -|    -|
    | + grp_Find_nearby_fu_26622   |     -|  -14.65|      870|  2.784e+04|         -|      870|     -|        no|   4 (~0%)|   -|   103 (~0%)|   301 (~0%)|    -|
    |  + grp_Find_channel_fu_97    |     -|  -18.54|      868|  2.778e+04|         -|      868|     -|        no|   2 (~0%)|   -|    63 (~0%)|   161 (~0%)|    -|
    |   o VITIS_LOOP_170_1         |    II|  -23.36|      866|  2.771e+04|         3|        3|   288|       yes|         -|   -|           -|           -|    -|
    | o VITIS_LOOP_34_1            |     -|  -23.36|      259|  8.288e+03|         5|        1|   256|       yes|         -|   -|           -|           -|    -|
    | o VITIS_LOOP_37_2            |     -|  -23.36|       33|  1.056e+03|         3|        1|    32|       yes|         -|   -|           -|           -|    -|
    | o VITIS_LOOP_56_3            |     -|  -23.36|  2053152|  6.570e+07|      7129|        -|   288|        no|         -|   -|           -|           -|    -|
    |  o VITIS_LOOP_67_4           |     -|  -23.36|     7000|  2.240e+05|       875|        -|     8|        no|         -|   -|           -|           -|    -|
    | o VITIS_LOOP_84_5            |     -|  -23.36|      291|  9.312e+03|         5|        1|   288|       yes|         -|   -|           -|           -|    -|
    | o VITIS_LOOP_120_1           |     -|  -23.36|      128|  4.096e+03|         1|        1|   128|       yes|         -|   -|           -|           -|    -|
    | o VITIS_LOOP_126_2           |    II|  -23.36|      579|  1.853e+04|         6|        2|   288|       yes|         -|   -|           -|           -|    -|
    +------------------------------+------+--------+---------+-----------+----------+---------+------+----------+----------+----+------------+------------+-----+

