

================================================================
== Vitis HLS Report for 'Find_channel'
================================================================
* Date:           Wed Dec  6 14:21:31 2023

* Version:        2020.2 (Build 3064766 on Wed Nov 18 09:12:47 MST 2020)
* Project:        GEp_trigger
* Solution:       solution1 (Vivado IP Flow Target)
* Product family: virtex7
* Target device:  xc7vx550t-ffg1927-1


================================================================
== Performance Estimates
================================================================
+ Timing: 
    * Summary: 
    +--------+----------+----------+------------+
    |  Clock |  Target  | Estimated| Uncertainty|
    +--------+----------+----------+------------+
    |ap_clk  |  32.00 ns|  4.822 ns|     8.64 ns|
    +--------+----------+----------+------------+

+ Latency: 
    * Summary: 
    +---------+---------+-----------+-----------+-----+-----+---------+
    |  Latency (cycles) |   Latency (absolute)  |  Interval | Pipeline|
    |   min   |   max   |    min    |    max    | min | max |   Type  |
    +---------+---------+-----------+-----------+-----+-----+---------+
    |        1|      868|  32.000 ns|  27.776 us|    1|  868|     none|
    +---------+---------+-----------+-----------+-----+-----+---------+

    + Detail: 
        * Instance: 
        N/A

        * Loop: 
        +--------------------+---------+---------+----------+-----------+-----------+---------+----------+
        |                    |  Latency (cycles) | Iteration|  Initiation Interval  |   Trip  |          |
        |      Loop Name     |   min   |   max   |  Latency |  achieved |   target  |  Count  | Pipelined|
        +--------------------+---------+---------+----------+-----------+-----------+---------+----------+
        |- VITIS_LOOP_170_1  |        5|      866|         3|          3|          1|  1 ~ 288|       yes|
        +--------------------+---------+---------+----------+-----------+-----------+---------+----------+



================================================================
== Utilization Estimates
================================================================
* Summary: 
+-----------------+---------+------+--------+--------+-----+
|       Name      | BRAM_18K|  DSP |   FF   |   LUT  | URAM|
+-----------------+---------+------+--------+--------+-----+
|DSP              |        -|     -|       -|       -|    -|
|Expression       |        -|     -|       0|      91|    -|
|FIFO             |        -|     -|       -|       -|    -|
|Instance         |        -|     -|       -|       -|    -|
|Memory           |        2|     -|       0|       0|    -|
|Multiplexer      |        -|     -|       -|      70|    -|
|Register         |        -|     -|      63|       -|    -|
+-----------------+---------+------+--------+--------+-----+
|Total            |        2|     0|      63|     161|    0|
+-----------------+---------+------+--------+--------+-----+
|Available        |     2360|  2880|  692800|  346400|    0|
+-----------------+---------+------+--------+--------+-----+
|Utilization (%)  |       ~0|     0|      ~0|      ~0|    0|
+-----------------+---------+------+--------+--------+-----+

+ Detail: 
    * Instance: 
    N/A

    * DSP: 
    N/A

    * Memory: 
    +------------------+-----------------------------+---------+---+----+-----+------+-----+------+-------------+
    |      Memory      |            Module           | BRAM_18K| FF| LUT| URAM| Words| Bits| Banks| W*Bits*Banks|
    +------------------+-----------------------------+---------+---+----+-----+------+-----+------+-------------+
    |block_map_nx_V_U  |Find_channel_block_map_nx_V  |        1|  0|   0|    0|   288|    5|     1|         1440|
    |block_map_ny_V_U  |Find_channel_block_map_ny_V  |        1|  0|   0|    0|   288|    4|     1|         1152|
    +------------------+-----------------------------+---------+---+----+-----+------+-----+------+-------------+
    |Total             |                             |        2|  0|   0|    0|   576|    9|     2|         2592|
    +------------------+-----------------------------+---------+---+----+-----+------+-----+------+-------------+

    * FIFO: 
    N/A

    * Expression: 
    +------------------------+----------+----+---+----+------------+------------+
    |      Variable Name     | Operation| DSP| FF| LUT| Bitwidth P0| Bitwidth P1|
    +------------------------+----------+----+---+----+------------+------------+
    |add_ln166_1_fu_149_p2   |         +|   0|  0|  13|           5|           2|
    |add_ln166_fu_133_p2     |         +|   0|  0|  14|           6|           2|
    |ich_V_1_fu_167_p2       |         +|   0|  0|  16|           9|           1|
    |icmp_ln166_1_fu_155_p2  |      icmp|   0|  0|   9|           5|           4|
    |icmp_ln166_fu_139_p2    |      icmp|   0|  0|  10|           6|           5|
    |icmp_ln870_1_fu_183_p2  |      icmp|   0|  0|   9|           4|           4|
    |icmp_ln870_fu_178_p2    |      icmp|   0|  0|   9|           5|           5|
    |icmp_ln878_fu_161_p2    |      icmp|   0|  0|  11|           9|           9|
    +------------------------+----------+----+---+----+------------+------------+
    |Total                   |          |   0|  0|  91|          49|          32|
    +------------------------+----------+----+---+----+------------+------------+

    * Multiplexer: 
    +----------------------------------------------+----+-----------+-----+-----------+
    |                     Name                     | LUT| Input Size| Bits| Total Bits|
    +----------------------------------------------+----+-----------+-----+-----------+
    |ap_NS_fsm                                     |  25|          6|    1|          6|
    |ap_phi_mux_this_V_write_assign_phi_fu_118_p6  |   9|          2|    9|         18|
    |ap_return                                     |   9|          2|    9|         18|
    |ch_V_reg_90                                   |   9|          2|    9|         18|
    |this_V_write_assign_ph_reg_102                |   9|          2|    9|         18|
    |this_V_write_assign_reg_114                   |   9|          2|    9|         18|
    +----------------------------------------------+----+-----------+-----+-----------+
    |Total                                         |  70|         16|   46|         96|
    +----------------------------------------------+----+-----------+-----+-----------+

    * Register: 
    +--------------------------------+---+----+-----+-----------+
    |              Name              | FF| LUT| Bits| Const Bits|
    +--------------------------------+---+----+-----+-----------+
    |ap_CS_fsm                       |  5|   0|    5|          0|
    |ap_return_preg                  |  9|   0|    9|          0|
    |ch_V_reg_90                     |  9|   0|    9|          0|
    |ich_V_1_reg_210                 |  9|   0|    9|          0|
    |icmp_ln166_1_reg_202            |  1|   0|    1|          0|
    |icmp_ln166_reg_198              |  1|   0|    1|          0|
    |icmp_ln870_reg_225              |  1|   0|    1|          0|
    |icmp_ln878_reg_206              |  1|   0|    1|          0|
    |this_V_write_assign_ph_reg_102  |  9|   0|    9|          0|
    |this_V_write_assign_reg_114     |  9|   0|    9|          0|
    |zext_ln534_reg_215              |  9|   0|   64|         55|
    +--------------------------------+---+----+-----+-----------+
    |Total                           | 63|   0|  118|         55|
    +--------------------------------+---+----+-----+-----------+



================================================================
== Interface
================================================================
* Summary: 
+-----------+-----+-----+------------+--------------+--------------+
| RTL Ports | Dir | Bits|  Protocol  | Source Object|    C Type    |
+-----------+-----+-----+------------+--------------+--------------+
|ap_clk     |   in|    1|  ap_ctrl_hs|  Find_channel|  return value|
|ap_rst     |   in|    1|  ap_ctrl_hs|  Find_channel|  return value|
|ap_start   |   in|    1|  ap_ctrl_hs|  Find_channel|  return value|
|ap_done    |  out|    1|  ap_ctrl_hs|  Find_channel|  return value|
|ap_idle    |  out|    1|  ap_ctrl_hs|  Find_channel|  return value|
|ap_ready   |  out|    1|  ap_ctrl_hs|  Find_channel|  return value|
|ap_return  |  out|    9|  ap_ctrl_hs|  Find_channel|  return value|
|nx         |   in|    5|     ap_none|            nx|        scalar|
|ny         |   in|    4|     ap_none|            ny|        scalar|
+-----------+-----+-----+------------+--------------+--------------+

