

================================================================
== Vitis HLS Report for 'Find_cluster'
================================================================
* Date:           Wed Dec  6 14:21:32 2023

* Version:        2020.2 (Build 3064766 on Wed Nov 18 09:12:47 MST 2020)
* Project:        GEp_trigger
* Solution:       solution1 (Vivado IP Flow Target)
* Product family: virtex7
* Target device:  xc7vx550t-ffg1927-1


================================================================
== Performance Estimates
================================================================
+ Timing: 
    * Summary: 
    +--------+----------+----------+------------+
    |  Clock |  Target  | Estimated| Uncertainty|
    +--------+----------+----------+------------+
    |ap_clk  |  32.00 ns|  4.945 ns|     8.64 ns|
    +--------+----------+----------+------------+

+ Latency: 
    * Summary: 
    +---------+---------+-----------+----------+-----+-----+---------+
    |  Latency (cycles) |  Latency (absolute)  |  Interval | Pipeline|
    |   min   |   max   |    min    |    max   | min | max |   Type  |
    +---------+---------+-----------+----------+-----+-----+---------+
    |        2|      121|  64.000 ns|  3.872 us|    2|  121|     none|
    +---------+---------+-----------+----------+-----+-----+---------+

    + Detail: 
        * Instance: 
        N/A

        * Loop: 
        +--------------------+---------+---------+----------+-----------+-----------+-------+----------+
        |                    |  Latency (cycles) | Iteration|  Initiation Interval  |  Trip |          |
        |      Loop Name     |   min   |   max   |  Latency |  achieved |   target  | Count | Pipelined|
        +--------------------+---------+---------+----------+-----------+-----------+-------+----------+
        |- VITIS_LOOP_228_1  |       10|      112|   10 ~ 13|          -|          -|  1 ~ 8|        no|
        +--------------------+---------+---------+----------+-----------+-----------+-------+----------+



================================================================
== Utilization Estimates
================================================================
* Summary: 
+-----------------+---------+------+--------+--------+-----+
|       Name      | BRAM_18K|  DSP |   FF   |   LUT  | URAM|
+-----------------+---------+------+--------+--------+-----+
|DSP              |        -|     -|       -|       -|    -|
|Expression       |        -|     -|       0|     329|    -|
|FIFO             |        -|     -|       -|       -|    -|
|Instance         |        -|     -|       -|       -|    -|
|Memory           |        0|     -|       8|       1|    -|
|Multiplexer      |        -|     -|       -|     385|    -|
|Register         |        -|     -|     238|       -|    -|
+-----------------+---------+------+--------+--------+-----+
|Total            |        0|     0|     246|     715|    0|
+-----------------+---------+------+--------+--------+-----+
|Available        |     2360|  2880|  692800|  346400|    0|
+-----------------+---------+------+--------+--------+-----+
|Utilization (%)  |        0|     0|      ~0|      ~0|    0|
+-----------------+---------+------+--------+--------+-----+

+ Detail: 
    * Instance: 
    N/A

    * DSP: 
    N/A

    * Memory: 
    +-----------+----------------------+---------+---+----+-----+------+-----+------+-------------+
    |   Memory  |        Module        | BRAM_18K| FF| LUT| URAM| Words| Bits| Banks| W*Bits*Banks|
    +-----------+----------------------+---------+---+----+-----+------+-----+------+-------------+
    |nhits_V_U  |Find_cluster_nhits_V  |        0|  8|   1|    0|     9|    4|     1|           36|
    +-----------+----------------------+---------+---+----+-----+------+-----+------+-------------+
    |Total      |                      |        0|  8|   1|    0|     9|    4|     1|           36|
    +-----------+----------------------+---------+---+----+-----+------+-----+------+-------------+

    * FIFO: 
    N/A

    * Expression: 
    +--------------------------+----------+----+---+----+------------+------------+
    |       Variable Name      | Operation| DSP| FF| LUT| Bitwidth P0| Bitwidth P1|
    +--------------------------+----------+----+---+----+------------+------------+
    |add_ln208_fu_586_p2       |         +|   0|  0|  13|           4|           4|
    |add_ln691_fu_593_p2       |         +|   0|  0|  13|           4|           1|
    |grp_fu_413_p2             |         +|   0|  0|  13|           4|           1|
    |total_e_V_2_fu_504_p2     |         +|   0|  0|  23|          16|          16|
    |total_e_V_4_fu_537_p2     |         +|   0|  0|  23|          16|          16|
    |total_e_V_6_fu_574_p2     |         +|   0|  0|  23|          16|          16|
    |diff_1_fu_520_p2          |         -|   0|  0|  13|           4|           4|
    |diff_2_fu_557_p2          |         -|   0|  0|  13|           4|           4|
    |sub_ln213_1_fu_479_p2     |         -|   0|  0|  13|           4|           4|
    |sub_ln213_fu_474_p2       |         -|   0|  0|  13|           4|           4|
    |icmp_ln241_fu_543_p2      |      icmp|   0|  0|  12|          13|           1|
    |icmp_ln878_5_fu_453_p2    |      icmp|   0|  0|   9|           4|           4|
    |icmp_ln878_6_fu_465_p2    |      icmp|   0|  0|   8|           3|           3|
    |icmp_ln878_fu_426_p2      |      icmp|   0|  0|  12|          13|          13|
    |icmp_ln886_2_fu_599_p2    |      icmp|   0|  0|   9|           4|           1|
    |icmp_ln886_3_fu_497_p2    |      icmp|   0|  0|  12|          13|          13|
    |icmp_ln886_4_fu_510_p2    |      icmp|   0|  0|  12|          13|           1|
    |icmp_ln886_5_fu_530_p2    |      icmp|   0|  0|  12|          13|          13|
    |icmp_ln886_6_fu_567_p2    |      icmp|   0|  0|  12|          13|          13|
    |icmp_ln886_7_fu_580_p2    |      icmp|   0|  0|   9|           4|           1|
    |icmp_ln886_fu_459_p2      |      icmp|   0|  0|  12|          13|           1|
    |icmp_ln890_1_fu_525_p2    |      icmp|   0|  0|   9|           4|           4|
    |icmp_ln890_2_fu_562_p2    |      icmp|   0|  0|   9|           4|           4|
    |icmp_ln890_fu_492_p2      |      icmp|   0|  0|   9|           4|           4|
    |diff_fu_484_p3            |    select|   0|  0|   4|           1|           4|
    |select_ln251_1_fu_613_p3  |    select|   0|  0|   3|           1|           1|
    |select_ln251_fu_605_p3    |    select|   0|  0|  16|           1|           1|
    +--------------------------+----------+----+---+----+------------+------------+
    |Total                     |          |   0|  0| 329|         197|         152|
    +--------------------------+----------+----+---+----+------------+------------+

    * Multiplexer: 
    +----------------------------+-----+-----------+-----+-----------+
    |            Name            | LUT | Input Size| Bits| Total Bits|
    +----------------------------+-----+-----------+-----+-----------+
    |agg_result_e_0_reg_371      |    9|          2|   16|         32|
    |agg_result_nhits_0_reg_399  |    9|          2|    4|          8|
    |agg_result_t_0_reg_385      |    9|          2|    3|          6|
    |ap_NS_fsm                   |  113|         23|    1|         23|
    |ap_return_0                 |    9|          2|    5|         10|
    |ap_return_1                 |    9|          2|    4|          8|
    |ap_return_2                 |    9|          2|   16|         32|
    |ap_return_3                 |    9|          2|    3|          6|
    |ap_return_4                 |    9|          2|    4|          8|
    |cc_e_V_reg_318              |    9|          2|   16|         32|
    |curhits_e_address0          |   13|          3|    4|         12|
    |curhits_t_address0          |   13|          3|    4|         12|
    |nblock_V_reg_306            |    9|          2|    4|          8|
    |nhits_V_address0            |   41|         10|    4|         40|
    |nhits_V_address1            |   41|         10|    4|         40|
    |nhits_V_d0                  |   13|          3|    4|         12|
    |nhits_V_d1                  |   17|          4|    4|         16|
    |reg_420                     |    9|          2|    4|          8|
    |total_e_V_3_reg_328         |    9|          2|   16|         32|
    |total_e_V_5_reg_342         |   13|          3|   16|         48|
    |total_e_V_7_reg_356         |   13|          3|   16|         48|
    +----------------------------+-----+-----------+-----+-----------+
    |Total                       |  385|         86|  152|        441|
    +----------------------------+-----+-----------+-----+-----------+

    * Register: 
    +----------------------------+----+----+-----+-----------+
    |            Name            | FF | LUT| Bits| Const Bits|
    +----------------------------+----+----+-----+-----------+
    |afthits_e_load_reg_821      |  13|   0|   13|          0|
    |agg_result_e_0_reg_371      |  16|   0|   16|          0|
    |agg_result_nhits_0_reg_399  |   4|   0|    4|          0|
    |agg_result_t_0_reg_385      |   3|   0|    3|          0|
    |ap_CS_fsm                   |  22|   0|   22|          0|
    |ap_return_0_preg            |   5|   0|    5|          0|
    |ap_return_1_preg            |   4|   0|    4|          0|
    |ap_return_2_preg            |  16|   0|   16|          0|
    |ap_return_3_preg            |   3|   0|    3|          0|
    |ap_return_4_preg            |   4|   0|    4|          0|
    |cc_e_V_reg_318              |  16|   0|   16|          0|
    |cc_t_V_reg_690              |   3|   0|    3|          0|
    |curhits_e_load_reg_743      |  13|   0|   13|          0|
    |e0_V_reg_673                |  13|   0|   13|          0|
    |icmp_ln241_reg_827          |   1|   0|    1|          0|
    |icmp_ln886_3_reg_762        |   1|   0|    1|          0|
    |icmp_ln886_4_reg_788        |   1|   0|    1|          0|
    |icmp_ln886_5_reg_801        |   1|   0|    1|          0|
    |icmp_ln886_7_reg_859        |   1|   0|    1|          0|
    |icmp_ln886_reg_749          |   1|   0|    1|          0|
    |icmp_ln890_1_reg_797        |   1|   0|    1|          0|
    |icmp_ln890_2_reg_836        |   1|   0|    1|          0|
    |icmp_ln890_reg_758          |   1|   0|    1|          0|
    |nblock_V_reg_306            |   4|   0|    4|          0|
    |op_V_addr_1_reg_805         |   4|   0|    4|          0|
    |op_V_addr_2_reg_843         |   4|   0|    4|          0|
    |op_V_addr_reg_766           |   4|   0|    4|          0|
    |prehits_e_load_reg_782      |  13|   0|   13|          0|
    |reg_420                     |   4|   0|    4|          0|
    |t1_V_1_reg_710              |   3|   0|    4|          1|
    |total_e_V_3_reg_328         |  16|   0|   16|          0|
    |total_e_V_5_reg_342         |  16|   0|   16|          0|
    |total_e_V_7_reg_356         |  16|   0|   16|          0|
    |zext_ln208_3_reg_698        |   3|   0|    4|          1|
    |zext_ln228_reg_715          |   3|   0|    4|          1|
    |zext_ln252_reg_722          |   4|   0|   64|         60|
    +----------------------------+----+----+-----+-----------+
    |Total                       | 238|   0|  301|         63|
    +----------------------------+----+----+-----+-----------+



================================================================
== Interface
================================================================
* Summary: 
+--------------------+-----+-----+------------+----------------+--------------+
|      RTL Ports     | Dir | Bits|  Protocol  |  Source Object |    C Type    |
+--------------------+-----+-----+------------+----------------+--------------+
|ap_clk              |   in|    1|  ap_ctrl_hs|    Find_cluster|  return value|
|ap_rst              |   in|    1|  ap_ctrl_hs|    Find_cluster|  return value|
|ap_start            |   in|    1|  ap_ctrl_hs|    Find_cluster|  return value|
|ap_done             |  out|    1|  ap_ctrl_hs|    Find_cluster|  return value|
|ap_idle             |  out|    1|  ap_ctrl_hs|    Find_cluster|  return value|
|ap_ready            |  out|    1|  ap_ctrl_hs|    Find_cluster|  return value|
|ap_return_0         |  out|    5|  ap_ctrl_hs|    Find_cluster|  return value|
|ap_return_1         |  out|    4|  ap_ctrl_hs|    Find_cluster|  return value|
|ap_return_2         |  out|   16|  ap_ctrl_hs|    Find_cluster|  return value|
|ap_return_3         |  out|    3|  ap_ctrl_hs|    Find_cluster|  return value|
|ap_return_4         |  out|    4|  ap_ctrl_hs|    Find_cluster|  return value|
|prehits_e_address0  |  out|    4|   ap_memory|       prehits_e|         array|
|prehits_e_ce0       |  out|    1|   ap_memory|       prehits_e|         array|
|prehits_e_q0        |   in|   13|   ap_memory|       prehits_e|         array|
|prehits_t_address0  |  out|    4|   ap_memory|       prehits_t|         array|
|prehits_t_ce0       |  out|    1|   ap_memory|       prehits_t|         array|
|prehits_t_q0        |   in|    3|   ap_memory|       prehits_t|         array|
|curhits_e_address0  |  out|    4|   ap_memory|       curhits_e|         array|
|curhits_e_ce0       |  out|    1|   ap_memory|       curhits_e|         array|
|curhits_e_q0        |   in|   13|   ap_memory|       curhits_e|         array|
|curhits_t_address0  |  out|    4|   ap_memory|       curhits_t|         array|
|curhits_t_ce0       |  out|    1|   ap_memory|       curhits_t|         array|
|curhits_t_q0        |   in|    3|   ap_memory|       curhits_t|         array|
|afthits_e_address0  |  out|    4|   ap_memory|       afthits_e|         array|
|afthits_e_ce0       |  out|    1|   ap_memory|       afthits_e|         array|
|afthits_e_q0        |   in|   13|   ap_memory|       afthits_e|         array|
|afthits_t_address0  |  out|    4|   ap_memory|       afthits_t|         array|
|afthits_t_ce0       |  out|    1|   ap_memory|       afthits_t|         array|
|afthits_t_q0        |   in|    3|   ap_memory|       afthits_t|         array|
|hit_dt              |   in|    3|     ap_none|          hit_dt|        scalar|
|seed_threshold      |   in|   13|     ap_none|  seed_threshold|        scalar|
|x                   |   in|    5|     ap_none|               x|        scalar|
|y                   |   in|    4|     ap_none|               y|        scalar|
+--------------------+-----+-----+------------+----------------+--------------+

