

================================================================
== Vitis HLS Report for 'Find_nearby'
================================================================
* Date:           Wed Dec  6 14:21:31 2023

* Version:        2020.2 (Build 3064766 on Wed Nov 18 09:12:47 MST 2020)
* Project:        GEp_trigger
* Solution:       solution1 (Vivado IP Flow Target)
* Product family: virtex7
* Target device:  xc7vx550t-ffg1927-1


================================================================
== Performance Estimates
================================================================
+ Timing: 
    * Summary: 
    +--------+----------+----------+------------+
    |  Clock |  Target  | Estimated| Uncertainty|
    +--------+----------+----------+------------+
    |ap_clk  |  32.00 ns|  8.706 ns|     8.64 ns|
    +--------+----------+----------+------------+

+ Latency: 
    * Summary: 
    +---------+---------+-----------+-----------+-----+-----+---------+
    |  Latency (cycles) |   Latency (absolute)  |  Interval | Pipeline|
    |   min   |   max   |    min    |    max    | min | max |   Type  |
    +---------+---------+-----------+-----------+-----+-----+---------+
    |        3|      870|  96.000 ns|  27.840 us|    3|  870|     none|
    +---------+---------+-----------+-----------+-----+-----+---------+

    + Detail: 
        * Instance: 
        +------------------------+--------------+---------+---------+-----------+-----------+-----+-----+---------+
        |                        |              |  Latency (cycles) |   Latency (absolute)  |  Interval | Pipeline|
        |        Instance        |    Module    |   min   |   max   |    min    |    max    | min | max |   Type  |
        +------------------------+--------------+---------+---------+-----------+-----------+-----+-----+---------+
        |grp_Find_channel_fu_97  |Find_channel  |        1|      868|  32.000 ns|  27.776 us|    1|  868|     none|
        +------------------------+--------------+---------+---------+-----------+-----------+-----+-----+---------+

        * Loop: 
        N/A



================================================================
== Utilization Estimates
================================================================
* Summary: 
+-----------------+---------+------+--------+--------+-----+
|       Name      | BRAM_18K|  DSP |   FF   |   LUT  | URAM|
+-----------------+---------+------+--------+--------+-----+
|DSP              |        -|     -|       -|       -|    -|
|Expression       |        -|     -|       0|      54|    -|
|FIFO             |        -|     -|       -|       -|    -|
|Instance         |        2|     -|      63|     161|    -|
|Memory           |        2|     -|       0|       0|    -|
|Multiplexer      |        -|     -|       -|      86|    -|
|Register         |        -|     -|      40|       -|    -|
+-----------------+---------+------+--------+--------+-----+
|Total            |        4|     0|     103|     301|    0|
+-----------------+---------+------+--------+--------+-----+
|Available        |     2360|  2880|  692800|  346400|    0|
+-----------------+---------+------+--------+--------+-----+
|Utilization (%)  |       ~0|     0|      ~0|      ~0|    0|
+-----------------+---------+------+--------+--------+-----+

+ Detail: 
    * Instance: 
    +------------------------+--------------+---------+----+----+-----+-----+
    |        Instance        |    Module    | BRAM_18K| DSP| FF | LUT | URAM|
    +------------------------+--------------+---------+----+----+-----+-----+
    |grp_Find_channel_fu_97  |Find_channel  |        2|   0|  63|  161|    0|
    +------------------------+--------------+---------+----+----+-----+-----+
    |Total                   |              |        2|   0|  63|  161|    0|
    +------------------------+--------------+---------+----+----+-----+-----+

    * DSP: 
    N/A

    * Memory: 
    +------------------+-----------------------------+---------+---+----+-----+------+-----+------+-------------+
    |      Memory      |            Module           | BRAM_18K| FF| LUT| URAM| Words| Bits| Banks| W*Bits*Banks|
    +------------------+-----------------------------+---------+---+----+-----+------+-----+------+-------------+
    |block_map_nx_V_U  |Find_channel_block_map_nx_V  |        1|  0|   0|    0|   288|    5|     1|         1440|
    |block_map_ny_V_U  |Find_channel_block_map_ny_V  |        1|  0|   0|    0|   288|    4|     1|         1152|
    +------------------+-----------------------------+---------+---+----+-----+------+-----+------+-------------+
    |Total             |                             |        2|  0|   0|    0|   576|    9|     2|         2592|
    +------------------+-----------------------------+---------+---+----+-----+------+-----+------+-------------+

    * FIFO: 
    N/A

    * Expression: 
    +---------------------------------+----------+----+---+----+------------+------------+
    |          Variable Name          | Operation| DSP| FF| LUT| Bitwidth P0| Bitwidth P1|
    +---------------------------------+----------+----+---+----+------------+------------+
    |grp_fu_117_p2                    |         +|   0|  0|  13|           4|           1|
    |grp_fu_124_p2                    |         +|   0|  0|  13|           5|           2|
    |grp_fu_131_p2                    |         +|   0|  0|  13|           5|           1|
    |grp_fu_138_p2                    |         +|   0|  0|  13|           4|           2|
    |ap_block_state3_on_subcall_done  |        or|   0|  0|   2|           1|           1|
    +---------------------------------+----------+----+---+----+------------+------------+
    |Total                            |          |   0|  0|  54|          19|           7|
    +---------------------------------+----------+----+---+----+------------+------------+

    * Multiplexer: 
    +---------------------------+----+-----------+-----+-----------+
    |            Name           | LUT| Input Size| Bits| Total Bits|
    +---------------------------+----+-----------+-----+-----------+
    |ap_NS_fsm                  |  17|          4|    1|          4|
    |ap_return                  |   9|          2|    9|         18|
    |block_map_nx_V_address0    |  13|          3|    9|         27|
    |block_map_ny_V_address0    |  13|          3|    9|         27|
    |grp_Find_channel_fu_97_nx  |  17|          4|    5|         20|
    |grp_Find_channel_fu_97_ny  |  17|          4|    4|         16|
    +---------------------------+----+-----------+-----+-----------+
    |Total                      |  86|         20|   37|        112|
    +---------------------------+----+-----------+-----+-----------+

    * Register: 
    +-------------------------------------+---+----+-----+-----------+
    |                 Name                | FF| LUT| Bits| Const Bits|
    +-------------------------------------+---+----+-----+-----------+
    |ap_CS_fsm                            |  3|   0|    3|          0|
    |ap_return_preg                       |  9|   0|    9|          0|
    |grp_Find_channel_fu_97_ap_start_reg  |  1|   0|    1|          0|
    |nx_V_reg_185                         |  5|   0|    5|          0|
    |ny_V_reg_190                         |  4|   0|    4|          0|
    |reg_145                              |  4|   0|    4|          0|
    |reg_150                              |  5|   0|    5|          0|
    |reg_155                              |  5|   0|    5|          0|
    |reg_160                              |  4|   0|    4|          0|
    +-------------------------------------+---+----+-----+-----------+
    |Total                                | 40|   0|   40|          0|
    +-------------------------------------+---+----+-----+-----------+



================================================================
== Interface
================================================================
* Summary: 
+-----------+-----+-----+------------+--------------+--------------+
| RTL Ports | Dir | Bits|  Protocol  | Source Object|    C Type    |
+-----------+-----+-----+------------+--------------+--------------+
|ap_clk     |   in|    1|  ap_ctrl_hs|   Find_nearby|  return value|
|ap_rst     |   in|    1|  ap_ctrl_hs|   Find_nearby|  return value|
|ap_start   |   in|    1|  ap_ctrl_hs|   Find_nearby|  return value|
|ap_done    |  out|    1|  ap_ctrl_hs|   Find_nearby|  return value|
|ap_idle    |  out|    1|  ap_ctrl_hs|   Find_nearby|  return value|
|ap_ready   |  out|    1|  ap_ctrl_hs|   Find_nearby|  return value|
|ap_return  |  out|    9|  ap_ctrl_hs|   Find_nearby|  return value|
|ch         |   in|    9|     ap_none|            ch|        scalar|
|pos_r      |   in|    3|     ap_none|         pos_r|        scalar|
+-----------+-----+-----+------------+--------------+--------------+

