

================================================================
== Vitis HLS Report for 'Find_cluster'
================================================================
* Date:           Mon Dec 18 11:01:11 2023

* Version:        2020.2 (Build 3064766 on Wed Nov 18 09:12:47 MST 2020)
* Project:        GEp_trigger
* Solution:       solution1 (Vivado IP Flow Target)
* Product family: virtex7
* Target device:  xc7vx550t-ffg1927-1


================================================================
== Performance Estimates
================================================================
+ Timing: 
    * Summary: 
    +--------+----------+-----------+------------+
    |  Clock |  Target  | Estimated | Uncertainty|
    +--------+----------+-----------+------------+
    |ap_clk  |  32.00 ns|  23.183 ns|     8.64 ns|
    +--------+----------+-----------+------------+

+ Latency: 
    * Summary: 
    +---------+---------+-----------+-----------+-----+-----+----------+
    |  Latency (cycles) |   Latency (absolute)  |  Interval | Pipeline |
    |   min   |   max   |    min    |    max    | min | max |   Type   |
    +---------+---------+-----------+-----------+-----+-----+----------+
    |        2|        2|  64.000 ns|  64.000 ns|    1|    1|  yes(flp)|
    +---------+---------+-----------+-----------+-----+-----+----------+

    + Detail: 
        * Instance: 
        N/A

        * Loop: 
        N/A



================================================================
== Utilization Estimates
================================================================
* Summary: 
+-----------------+---------+------+--------+--------+-----+
|       Name      | BRAM_18K|  DSP |   FF   |   LUT  | URAM|
+-----------------+---------+------+--------+--------+-----+
|DSP              |        -|     -|       -|       -|    -|
|Expression       |        -|     -|       0|    3214|    -|
|FIFO             |        -|     -|       -|       -|    -|
|Instance         |        -|     -|       -|       -|    -|
|Memory           |        -|     -|       -|       -|    -|
|Multiplexer      |        -|     -|       -|      45|    -|
|Register         |        -|     -|     784|       -|    -|
+-----------------+---------+------+--------+--------+-----+
|Total            |        0|     0|     784|    3259|    0|
+-----------------+---------+------+--------+--------+-----+
|Available        |     2360|  2880|  692800|  346400|    0|
+-----------------+---------+------+--------+--------+-----+
|Utilization (%)  |        0|     0|      ~0|      ~0|    0|
+-----------------+---------+------+--------+--------+-----+

+ Detail: 
    * Instance: 
    N/A

    * DSP: 
    N/A

    * Memory: 
    N/A

    * FIFO: 
    N/A

    * Expression: 
    +----------------------------+----------+----+---+----+------------+------------+
    |        Variable Name       | Operation| DSP| FF| LUT| Bitwidth P0| Bitwidth P1|
    +----------------------------+----------+----+---+----+------------+------------+
    |add_ln208_10_fu_3025_p2     |         +|   0|  0|  23|          16|          16|
    |add_ln208_11_fu_3045_p2     |         +|   0|  0|  23|          16|          16|
    |add_ln208_12_fu_3068_p2     |         +|   0|  0|  23|          16|          16|
    |add_ln208_13_fu_3091_p2     |         +|   0|  0|  23|          16|          16|
    |add_ln208_14_fu_3114_p2     |         +|   0|  0|  23|          16|          16|
    |add_ln208_15_fu_3137_p2     |         +|   0|  0|  23|          16|          16|
    |add_ln208_16_fu_3160_p2     |         +|   0|  0|  23|          16|          16|
    |add_ln208_17_fu_3183_p2     |         +|   0|  0|  23|          16|          16|
    |add_ln208_18_fu_3206_p2     |         +|   0|  0|  23|          16|          16|
    |add_ln208_19_fu_3229_p2     |         +|   0|  0|  23|          16|          16|
    |add_ln208_1_fu_648_p2       |         +|   0|  0|  22|          15|          15|
    |add_ln208_20_fu_3255_p2     |         +|   0|  0|  23|          16|          16|
    |add_ln208_21_fu_3275_p2     |         +|   0|  0|  23|          16|          16|
    |add_ln208_22_fu_3298_p2     |         +|   0|  0|  23|          16|          16|
    |add_ln208_23_fu_3321_p2     |         +|   0|  0|  23|          16|          16|
    |add_ln208_24_fu_2958_p2     |         +|   0|  0|  11|           3|           3|
    |add_ln208_25_fu_2968_p2     |         +|   0|  0|  11|           3|           3|
    |add_ln208_26_fu_2978_p2     |         +|   0|  0|   7|           4|           4|
    |add_ln208_27_fu_2984_p2     |         +|   0|  0|  11|           3|           3|
    |add_ln208_28_fu_2994_p2     |         +|   0|  0|  11|           3|           3|
    |add_ln208_29_fu_3004_p2     |         +|   0|  0|   7|           4|           4|
    |add_ln208_2_fu_764_p2       |         +|   0|  0|  22|          15|          15|
    |add_ln208_30_fu_3010_p2     |         +|   0|  0|   7|           4|           4|
    |add_ln208_3_fu_898_p2       |         +|   0|  0|  23|          16|          16|
    |add_ln208_4_fu_1006_p2      |         +|   0|  0|  23|          16|          16|
    |add_ln208_5_fu_1122_p2      |         +|   0|  0|  23|          16|          16|
    |add_ln208_6_fu_1252_p2      |         +|   0|  0|  23|          16|          16|
    |add_ln208_7_fu_1360_p2      |         +|   0|  0|  23|          16|          16|
    |add_ln208_8_fu_1476_p2      |         +|   0|  0|  23|          16|          16|
    |add_ln208_9_fu_1606_p2      |         +|   0|  0|  23|          16|          16|
    |add_ln208_fu_542_p2         |         +|   0|  0|  21|          14|          14|
    |add_ln213_1_fu_1112_p2      |         +|   0|  0|  10|           2|           1|
    |add_ln213_2_fu_1466_p2      |         +|   0|  0|  10|           2|           1|
    |add_ln213_3_fu_1794_p2      |         +|   0|  0|  10|           2|           1|
    |add_ln213_4_fu_2070_p2      |         +|   0|  0|  10|           2|           1|
    |add_ln213_5_fu_2346_p2      |         +|   0|  0|  10|           2|           1|
    |add_ln213_6_fu_2622_p2      |         +|   0|  0|  10|           2|           1|
    |add_ln213_7_fu_2898_p2      |         +|   0|  0|  10|           2|           1|
    |add_ln213_fu_754_p2         |         +|   0|  0|  10|           2|           1|
    |cc_nhits_V_fu_3016_p2       |         +|   0|  0|   7|           4|           4|
    |sub_ln213_10_fu_856_p2      |         -|   0|  0|  13|           4|           4|
    |sub_ln213_11_fu_862_p2      |         -|   0|  0|  13|           4|           4|
    |sub_ln213_12_fu_970_p2      |         -|   0|  0|  13|           4|           4|
    |sub_ln213_13_fu_1088_p2     |         -|   0|  0|  13|           4|           4|
    |sub_ln213_14_fu_1216_p2     |         -|   0|  0|  13|           4|           4|
    |sub_ln213_15_fu_1324_p2     |         -|   0|  0|  13|           4|           4|
    |sub_ln213_16_fu_1442_p2     |         -|   0|  0|  13|           4|           4|
    |sub_ln213_17_fu_1570_p2     |         -|   0|  0|  13|           4|           4|
    |sub_ln213_18_fu_1678_p2     |         -|   0|  0|  13|           4|           4|
    |sub_ln213_19_fu_1770_p2     |         -|   0|  0|  13|           4|           4|
    |sub_ln213_1_fu_506_p2       |         -|   0|  0|  13|           4|           4|
    |sub_ln213_20_fu_1872_p2     |         -|   0|  0|  13|           4|           4|
    |sub_ln213_21_fu_1954_p2     |         -|   0|  0|  13|           4|           4|
    |sub_ln213_22_fu_2046_p2     |         -|   0|  0|  13|           4|           4|
    |sub_ln213_23_fu_2148_p2     |         -|   0|  0|  13|           4|           4|
    |sub_ln213_24_fu_2230_p2     |         -|   0|  0|  13|           4|           4|
    |sub_ln213_25_fu_2322_p2     |         -|   0|  0|  13|           4|           4|
    |sub_ln213_26_fu_2424_p2     |         -|   0|  0|  13|           4|           4|
    |sub_ln213_27_fu_2506_p2     |         -|   0|  0|  13|           4|           4|
    |sub_ln213_28_fu_2598_p2     |         -|   0|  0|  13|           4|           4|
    |sub_ln213_29_fu_2700_p2     |         -|   0|  0|  13|           4|           4|
    |sub_ln213_2_fu_1210_p2      |         -|   0|  0|  13|           4|           4|
    |sub_ln213_30_fu_2782_p2     |         -|   0|  0|  13|           4|           4|
    |sub_ln213_31_fu_2874_p2     |         -|   0|  0|  13|           4|           4|
    |sub_ln213_3_fu_1564_p2      |         -|   0|  0|  13|           4|           4|
    |sub_ln213_4_fu_1866_p2      |         -|   0|  0|  13|           4|           4|
    |sub_ln213_5_fu_2142_p2      |         -|   0|  0|  13|           4|           4|
    |sub_ln213_6_fu_2418_p2      |         -|   0|  0|  13|           4|           4|
    |sub_ln213_7_fu_2694_p2      |         -|   0|  0|  13|           4|           4|
    |sub_ln213_8_fu_612_p2       |         -|   0|  0|  13|           4|           4|
    |sub_ln213_9_fu_730_p2       |         -|   0|  0|  13|           4|           4|
    |sub_ln213_fu_500_p2         |         -|   0|  0|  13|           4|           4|
    |and_ln890_10_fu_1172_p2     |       and|   0|  0|   2|           1|           1|
    |and_ln890_11_fu_1264_p2     |       and|   0|  0|   2|           1|           1|
    |and_ln890_12_fu_1292_p2     |       and|   0|  0|   2|           1|           1|
    |and_ln890_13_fu_1380_p2     |       and|   0|  0|   2|           1|           1|
    |and_ln890_14_fu_1406_p2     |       and|   0|  0|   2|           1|           1|
    |and_ln890_15_fu_1496_p2     |       and|   0|  0|   2|           1|           1|
    |and_ln890_16_fu_1526_p2     |       and|   0|  0|   2|           1|           1|
    |and_ln890_17_fu_1618_p2     |       and|   0|  0|   2|           1|           1|
    |and_ln890_18_fu_1646_p2     |       and|   0|  0|   2|           1|           1|
    |and_ln890_19_fu_1724_p2     |       and|   0|  0|   2|           1|           1|
    |and_ln890_1_fu_668_p2       |       and|   0|  0|   2|           1|           1|
    |and_ln890_20_fu_1750_p2     |       and|   0|  0|   2|           1|           1|
    |and_ln890_21_fu_1814_p2     |       and|   0|  0|   2|           1|           1|
    |and_ln890_22_fu_1844_p2     |       and|   0|  0|   2|           1|           1|
    |and_ln890_23_fu_1910_p2     |       and|   0|  0|   2|           1|           1|
    |and_ln890_24_fu_1938_p2     |       and|   0|  0|   2|           1|           1|
    |and_ln890_25_fu_2000_p2     |       and|   0|  0|   2|           1|           1|
    |and_ln890_26_fu_2026_p2     |       and|   0|  0|   2|           1|           1|
    |and_ln890_27_fu_2090_p2     |       and|   0|  0|   2|           1|           1|
    |and_ln890_28_fu_2120_p2     |       and|   0|  0|   2|           1|           1|
    |and_ln890_29_fu_2186_p2     |       and|   0|  0|   2|           1|           1|
    |and_ln890_2_fu_694_p2       |       and|   0|  0|   2|           1|           1|
    |and_ln890_30_fu_2214_p2     |       and|   0|  0|   2|           1|           1|
    |and_ln890_31_fu_2276_p2     |       and|   0|  0|   2|           1|           1|
    |and_ln890_32_fu_2302_p2     |       and|   0|  0|   2|           1|           1|
    |and_ln890_33_fu_2366_p2     |       and|   0|  0|   2|           1|           1|
    |and_ln890_34_fu_2396_p2     |       and|   0|  0|   2|           1|           1|
    |and_ln890_35_fu_2462_p2     |       and|   0|  0|   2|           1|           1|
    |and_ln890_36_fu_2490_p2     |       and|   0|  0|   2|           1|           1|
    |and_ln890_37_fu_2552_p2     |       and|   0|  0|   2|           1|           1|
    |and_ln890_38_fu_2578_p2     |       and|   0|  0|   2|           1|           1|
    |and_ln890_39_fu_2642_p2     |       and|   0|  0|   2|           1|           1|
    |and_ln890_3_fu_784_p2       |       and|   0|  0|   2|           1|           1|
    |and_ln890_40_fu_2672_p2     |       and|   0|  0|   2|           1|           1|
    |and_ln890_41_fu_2738_p2     |       and|   0|  0|   2|           1|           1|
    |and_ln890_42_fu_2766_p2     |       and|   0|  0|   2|           1|           1|
    |and_ln890_43_fu_2828_p2     |       and|   0|  0|   2|           1|           1|
    |and_ln890_44_fu_2854_p2     |       and|   0|  0|   2|           1|           1|
    |and_ln890_45_fu_2918_p2     |       and|   0|  0|   2|           1|           1|
    |and_ln890_46_fu_2948_p2     |       and|   0|  0|   2|           1|           1|
    |and_ln890_4_fu_814_p2       |       and|   0|  0|   2|           1|           1|
    |and_ln890_5_fu_910_p2       |       and|   0|  0|   2|           1|           1|
    |and_ln890_6_fu_938_p2       |       and|   0|  0|   2|           1|           1|
    |and_ln890_7_fu_1026_p2      |       and|   0|  0|   2|           1|           1|
    |and_ln890_8_fu_1052_p2      |       and|   0|  0|   2|           1|           1|
    |and_ln890_9_fu_1142_p2      |       and|   0|  0|   2|           1|           1|
    |and_ln890_fu_554_p2         |       and|   0|  0|   2|           1|           1|
    |icmp_ln243_1_fu_882_p2      |      icmp|   0|  0|  12|          13|          13|
    |icmp_ln243_2_fu_1236_p2     |      icmp|   0|  0|  12|          13|          13|
    |icmp_ln243_3_fu_1590_p2     |      icmp|   0|  0|  12|          13|          13|
    |icmp_ln243_4_fu_1892_p2     |      icmp|   0|  0|  12|          13|          13|
    |icmp_ln243_5_fu_2168_p2     |      icmp|   0|  0|  12|          13|          13|
    |icmp_ln243_6_fu_2444_p2     |      icmp|   0|  0|  12|          13|          13|
    |icmp_ln243_7_fu_2720_p2     |      icmp|   0|  0|  12|          13|          13|
    |icmp_ln243_fu_526_p2        |      icmp|   0|  0|  12|          13|          13|
    |icmp_ln250_1_fu_982_p2      |      icmp|   0|  0|  12|          13|          13|
    |icmp_ln250_2_fu_1336_p2     |      icmp|   0|  0|  12|          13|          13|
    |icmp_ln250_3_fu_1690_p2     |      icmp|   0|  0|  12|          13|          13|
    |icmp_ln250_4_fu_1966_p2     |      icmp|   0|  0|  12|          13|          13|
    |icmp_ln250_5_fu_2242_p2     |      icmp|   0|  0|  12|          13|          13|
    |icmp_ln250_6_fu_2518_p2     |      icmp|   0|  0|  12|          13|          13|
    |icmp_ln250_7_fu_2794_p2     |      icmp|   0|  0|  12|          13|          13|
    |icmp_ln250_fu_624_p2        |      icmp|   0|  0|  12|          13|          13|
    |icmp_ln256_1_fu_1074_p2     |      icmp|   0|  0|  12|          13|           1|
    |icmp_ln256_2_fu_1428_p2     |      icmp|   0|  0|  12|          13|           1|
    |icmp_ln256_3_fu_1756_p2     |      icmp|   0|  0|  12|          13|           1|
    |icmp_ln256_4_fu_2032_p2     |      icmp|   0|  0|  12|          13|           1|
    |icmp_ln256_5_fu_2308_p2     |      icmp|   0|  0|  12|          13|           1|
    |icmp_ln256_6_fu_2584_p2     |      icmp|   0|  0|  12|          13|           1|
    |icmp_ln256_7_fu_2860_p2     |      icmp|   0|  0|  12|          13|           1|
    |icmp_ln256_fu_716_p2        |      icmp|   0|  0|  12|          13|           1|
    |icmp_ln257_1_fu_1100_p2     |      icmp|   0|  0|  12|          13|          13|
    |icmp_ln257_2_fu_1454_p2     |      icmp|   0|  0|  12|          13|          13|
    |icmp_ln257_3_fu_1782_p2     |      icmp|   0|  0|  12|          13|          13|
    |icmp_ln257_4_fu_2058_p2     |      icmp|   0|  0|  12|          13|          13|
    |icmp_ln257_5_fu_2334_p2     |      icmp|   0|  0|  12|          13|          13|
    |icmp_ln257_6_fu_2610_p2     |      icmp|   0|  0|  12|          13|          13|
    |icmp_ln257_7_fu_2886_p2     |      icmp|   0|  0|  12|          13|          13|
    |icmp_ln257_fu_742_p2        |      icmp|   0|  0|  12|          13|          13|
    |icmp_ln878_1_fu_490_p2      |      icmp|   0|  0|   8|           3|           3|
    |icmp_ln878_2_fu_846_p2      |      icmp|   0|  0|   8|           3|           3|
    |icmp_ln878_3_fu_1200_p2     |      icmp|   0|  0|   8|           3|           3|
    |icmp_ln878_4_fu_1554_p2     |      icmp|   0|  0|   8|           3|           3|
    |icmp_ln878_5_fu_1856_p2     |      icmp|   0|  0|   8|           3|           3|
    |icmp_ln878_6_fu_2132_p2     |      icmp|   0|  0|   8|           3|           3|
    |icmp_ln878_7_fu_2408_p2     |      icmp|   0|  0|   8|           3|           3|
    |icmp_ln878_8_fu_2684_p2     |      icmp|   0|  0|   8|           3|           3|
    |icmp_ln878_fu_458_p2        |      icmp|   0|  0|  12|          13|          13|
    |icmp_ln886_20_fu_602_p2     |      icmp|   0|  0|  12|          13|           1|
    |icmp_ln886_21_fu_840_p2     |      icmp|   0|  0|  12|          13|           1|
    |icmp_ln886_22_fu_960_p2     |      icmp|   0|  0|  12|          13|           1|
    |icmp_ln886_23_fu_1194_p2    |      icmp|   0|  0|  12|          13|           1|
    |icmp_ln886_24_fu_1314_p2    |      icmp|   0|  0|  12|          13|           1|
    |icmp_ln886_25_fu_1548_p2    |      icmp|   0|  0|  12|          13|           1|
    |icmp_ln886_26_fu_1668_p2    |      icmp|   0|  0|  12|          13|           1|
    |icmp_ln886_27_fu_1850_p2    |      icmp|   0|  0|  12|          13|           1|
    |icmp_ln886_28_fu_1944_p2    |      icmp|   0|  0|  12|          13|           1|
    |icmp_ln886_29_fu_2126_p2    |      icmp|   0|  0|  12|          13|           1|
    |icmp_ln886_30_fu_2220_p2    |      icmp|   0|  0|  12|          13|           1|
    |icmp_ln886_31_fu_2402_p2    |      icmp|   0|  0|  12|          13|           1|
    |icmp_ln886_32_fu_2496_p2    |      icmp|   0|  0|  12|          13|           1|
    |icmp_ln886_33_fu_2678_p2    |      icmp|   0|  0|  12|          13|           1|
    |icmp_ln886_34_fu_2772_p2    |      icmp|   0|  0|  12|          13|           1|
    |icmp_ln886_fu_484_p2        |      icmp|   0|  0|  12|          13|           1|
    |icmp_ln890_10_fu_1094_p2    |      icmp|   0|  0|   9|           4|           4|
    |icmp_ln890_11_fu_1230_p2    |      icmp|   0|  0|   9|           4|           4|
    |icmp_ln890_12_fu_1330_p2    |      icmp|   0|  0|   9|           4|           4|
    |icmp_ln890_13_fu_1448_p2    |      icmp|   0|  0|   9|           4|           4|
    |icmp_ln890_14_fu_1684_p2    |      icmp|   0|  0|   9|           4|           4|
    |icmp_ln890_15_fu_1776_p2    |      icmp|   0|  0|   9|           4|           4|
    |icmp_ln890_16_fu_1960_p2    |      icmp|   0|  0|   9|           4|           4|
    |icmp_ln890_17_fu_2052_p2    |      icmp|   0|  0|   9|           4|           4|
    |icmp_ln890_18_fu_2236_p2    |      icmp|   0|  0|   9|           4|           4|
    |icmp_ln890_19_fu_2328_p2    |      icmp|   0|  0|   9|           4|           4|
    |icmp_ln890_1_fu_618_p2      |      icmp|   0|  0|   9|           4|           4|
    |icmp_ln890_20_fu_2512_p2    |      icmp|   0|  0|   9|           4|           4|
    |icmp_ln890_21_fu_2604_p2    |      icmp|   0|  0|   9|           4|           4|
    |icmp_ln890_22_fu_2788_p2    |      icmp|   0|  0|   9|           4|           4|
    |icmp_ln890_23_fu_2880_p2    |      icmp|   0|  0|   9|           4|           4|
    |icmp_ln890_2_fu_736_p2      |      icmp|   0|  0|   9|           4|           4|
    |icmp_ln890_3_fu_1584_p2     |      icmp|   0|  0|   9|           4|           4|
    |icmp_ln890_4_fu_1886_p2     |      icmp|   0|  0|   9|           4|           4|
    |icmp_ln890_5_fu_2162_p2     |      icmp|   0|  0|   9|           4|           4|
    |icmp_ln890_6_fu_2438_p2     |      icmp|   0|  0|   9|           4|           4|
    |icmp_ln890_7_fu_2714_p2     |      icmp|   0|  0|   9|           4|           4|
    |icmp_ln890_8_fu_876_p2      |      icmp|   0|  0|   9|           4|           4|
    |icmp_ln890_9_fu_976_p2      |      icmp|   0|  0|   9|           4|           4|
    |icmp_ln890_fu_520_p2        |      icmp|   0|  0|   9|           4|           4|
    |or_ln256_1_fu_1160_p2       |        or|   0|  0|   2|           1|           1|
    |or_ln256_2_fu_1514_p2       |        or|   0|  0|   2|           1|           1|
    |or_ln256_3_fu_1832_p2       |        or|   0|  0|   2|           1|           1|
    |or_ln256_4_fu_2108_p2       |        or|   0|  0|   2|           1|           1|
    |or_ln256_5_fu_2384_p2       |        or|   0|  0|   2|           1|           1|
    |or_ln256_6_fu_2660_p2       |        or|   0|  0|   2|           1|           1|
    |or_ln256_7_fu_2936_p2       |        or|   0|  0|   2|           1|           1|
    |or_ln256_fu_802_p2          |        or|   0|  0|   2|           1|           1|
    |or_ln886_10_fu_2202_p2      |        or|   0|  0|   2|           1|           1|
    |or_ln886_11_fu_2290_p2      |        or|   0|  0|   2|           1|           1|
    |or_ln886_12_fu_2478_p2      |        or|   0|  0|   2|           1|           1|
    |or_ln886_13_fu_2566_p2      |        or|   0|  0|   2|           1|           1|
    |or_ln886_14_fu_2754_p2      |        or|   0|  0|   2|           1|           1|
    |or_ln886_15_fu_2842_p2      |        or|   0|  0|   2|           1|           1|
    |or_ln886_16_fu_3348_p2      |        or|   0|  0|   2|           1|           1|
    |or_ln886_1_fu_682_p2        |        or|   0|  0|   2|           1|           1|
    |or_ln886_2_fu_926_p2        |        or|   0|  0|   2|           1|           1|
    |or_ln886_3_fu_1040_p2       |        or|   0|  0|   2|           1|           1|
    |or_ln886_4_fu_1280_p2       |        or|   0|  0|   2|           1|           1|
    |or_ln886_5_fu_1394_p2       |        or|   0|  0|   2|           1|           1|
    |or_ln886_6_fu_1634_p2       |        or|   0|  0|   2|           1|           1|
    |or_ln886_7_fu_1738_p2       |        or|   0|  0|   2|           1|           1|
    |or_ln886_8_fu_1926_p2       |        or|   0|  0|   2|           1|           1|
    |or_ln886_9_fu_2014_p2       |        or|   0|  0|   2|           1|           1|
    |or_ln886_fu_570_p2          |        or|   0|  0|   2|           1|           1|
    |or_ln890_10_fu_1744_p2      |        or|   0|  0|   2|           1|           1|
    |or_ln890_11_fu_1838_p2      |        or|   0|  0|   2|           1|           1|
    |or_ln890_12_fu_1932_p2      |        or|   0|  0|   2|           1|           1|
    |or_ln890_13_fu_2020_p2      |        or|   0|  0|   2|           1|           1|
    |or_ln890_14_fu_2114_p2      |        or|   0|  0|   2|           1|           1|
    |or_ln890_15_fu_2208_p2      |        or|   0|  0|   2|           1|           1|
    |or_ln890_16_fu_2296_p2      |        or|   0|  0|   2|           1|           1|
    |or_ln890_17_fu_2390_p2      |        or|   0|  0|   2|           1|           1|
    |or_ln890_18_fu_2484_p2      |        or|   0|  0|   2|           1|           1|
    |or_ln890_19_fu_2572_p2      |        or|   0|  0|   2|           1|           1|
    |or_ln890_1_fu_688_p2        |        or|   0|  0|   2|           1|           1|
    |or_ln890_20_fu_2666_p2      |        or|   0|  0|   2|           1|           1|
    |or_ln890_21_fu_2760_p2      |        or|   0|  0|   2|           1|           1|
    |or_ln890_22_fu_2848_p2      |        or|   0|  0|   2|           1|           1|
    |or_ln890_23_fu_2942_p2      |        or|   0|  0|   2|           1|           1|
    |or_ln890_2_fu_808_p2        |        or|   0|  0|   2|           1|           1|
    |or_ln890_3_fu_932_p2        |        or|   0|  0|   2|           1|           1|
    |or_ln890_4_fu_1046_p2       |        or|   0|  0|   2|           1|           1|
    |or_ln890_5_fu_1166_p2       |        or|   0|  0|   2|           1|           1|
    |or_ln890_6_fu_1286_p2       |        or|   0|  0|   2|           1|           1|
    |or_ln890_7_fu_1400_p2       |        or|   0|  0|   2|           1|           1|
    |or_ln890_8_fu_1520_p2       |        or|   0|  0|   2|           1|           1|
    |or_ln890_9_fu_1640_p2       |        or|   0|  0|   2|           1|           1|
    |or_ln890_fu_576_p2          |        or|   0|  0|   2|           1|           1|
    |select_ln213_10_fu_1348_p3  |    select|   0|  0|   3|           1|           3|
    |select_ln213_11_fu_1702_p3  |    select|   0|  0|   3|           1|           3|
    |select_ln213_12_fu_1978_p3  |    select|   0|  0|   3|           1|           3|
    |select_ln213_13_fu_2254_p3  |    select|   0|  0|   3|           1|           3|
    |select_ln213_14_fu_2530_p3  |    select|   0|  0|   3|           1|           3|
    |select_ln213_15_fu_2806_p3  |    select|   0|  0|   3|           1|           3|
    |select_ln213_1_fu_868_p3    |    select|   0|  0|   4|           1|           4|
    |select_ln213_2_fu_1222_p3   |    select|   0|  0|   4|           1|           4|
    |select_ln213_3_fu_1576_p3   |    select|   0|  0|   4|           1|           4|
    |select_ln213_4_fu_1878_p3   |    select|   0|  0|   4|           1|           4|
    |select_ln213_5_fu_2154_p3   |    select|   0|  0|   4|           1|           4|
    |select_ln213_6_fu_2430_p3   |    select|   0|  0|   4|           1|           4|
    |select_ln213_7_fu_2706_p3   |    select|   0|  0|   4|           1|           4|
    |select_ln213_8_fu_636_p3    |    select|   0|  0|   3|           1|           3|
    |select_ln213_9_fu_994_p3    |    select|   0|  0|   3|           1|           3|
    |select_ln213_fu_512_p3      |    select|   0|  0|   4|           1|           4|
    |select_ln256_10_fu_2352_p3  |    select|   0|  0|   2|           1|           2|
    |select_ln256_11_fu_3189_p3  |    select|   0|  0|  16|           1|          16|
    |select_ln256_12_fu_2628_p3  |    select|   0|  0|   2|           1|           2|
    |select_ln256_13_fu_3260_p3  |    select|   0|  0|  16|           1|          16|
    |select_ln256_14_fu_2904_p3  |    select|   0|  0|   2|           1|           2|
    |select_ln256_15_fu_3327_p3  |    select|   0|  0|  16|           1|          16|
    |select_ln256_1_fu_820_p3    |    select|   0|  0|  15|           1|          15|
    |select_ln256_2_fu_1128_p3   |    select|   0|  0|   2|           1|           2|
    |select_ln256_3_fu_1178_p3   |    select|   0|  0|  16|           1|          16|
    |select_ln256_4_fu_1482_p3   |    select|   0|  0|   2|           1|           2|
    |select_ln256_5_fu_1532_p3   |    select|   0|  0|  16|           1|          16|
    |select_ln256_6_fu_1800_p3   |    select|   0|  0|   2|           1|           2|
    |select_ln256_7_fu_3051_p3   |    select|   0|  0|  16|           1|          16|
    |select_ln256_8_fu_2076_p3   |    select|   0|  0|   2|           1|           2|
    |select_ln256_9_fu_3120_p3   |    select|   0|  0|  16|           1|          16|
    |select_ln256_fu_770_p3      |    select|   0|  0|   2|           1|           2|
    |select_ln878_1_fu_3360_p3   |    select|   0|  0|   3|           1|           1|
    |select_ln878_2_fu_3374_p3   |    select|   0|  0|   4|           1|           1|
    |select_ln878_fu_3341_p3     |    select|   0|  0|  16|           1|           1|
    |select_ln886_10_fu_1710_p3  |    select|   0|  0|   2|           1|           2|
    |select_ln886_11_fu_3030_p3  |    select|   0|  0|  16|           1|          16|
    |select_ln886_12_fu_3074_p3  |    select|   0|  0|  16|           1|          16|
    |select_ln886_13_fu_1986_p3  |    select|   0|  0|   2|           1|           2|
    |select_ln886_14_fu_3097_p3  |    select|   0|  0|  16|           1|          16|
    |select_ln886_15_fu_3143_p3  |    select|   0|  0|  16|           1|          16|
    |select_ln886_16_fu_2262_p3  |    select|   0|  0|   2|           1|           2|
    |select_ln886_17_fu_3166_p3  |    select|   0|  0|  16|           1|          16|
    |select_ln886_18_fu_3212_p3  |    select|   0|  0|  16|           1|          16|
    |select_ln886_19_fu_2538_p3  |    select|   0|  0|   2|           1|           2|
    |select_ln886_1_fu_654_p3    |    select|   0|  0|   2|           1|           2|
    |select_ln886_20_fu_3235_p3  |    select|   0|  0|  16|           1|          16|
    |select_ln886_21_fu_3281_p3  |    select|   0|  0|  16|           1|          16|
    |select_ln886_22_fu_2814_p3  |    select|   0|  0|   2|           1|           2|
    |select_ln886_23_fu_3304_p3  |    select|   0|  0|  16|           1|          16|
    |select_ln886_24_fu_3352_p3  |    select|   0|  0|  16|           1|          16|
    |select_ln886_25_fu_3366_p3  |    select|   0|  0|   3|           1|           3|
    |select_ln886_26_fu_3380_p3  |    select|   0|  0|   4|           1|           4|
    |select_ln886_2_fu_700_p3    |    select|   0|  0|  15|           1|          15|
    |select_ln886_3_fu_944_p3    |    select|   0|  0|  16|           1|          16|
    |select_ln886_4_fu_1012_p3   |    select|   0|  0|   2|           1|           2|
    |select_ln886_5_fu_1058_p3   |    select|   0|  0|  16|           1|          16|
    |select_ln886_6_fu_1298_p3   |    select|   0|  0|  16|           1|          16|
    |select_ln886_7_fu_1366_p3   |    select|   0|  0|   2|           1|           2|
    |select_ln886_8_fu_1412_p3   |    select|   0|  0|  16|           1|          16|
    |select_ln886_9_fu_1652_p3   |    select|   0|  0|  16|           1|          16|
    |select_ln886_fu_582_p3      |    select|   0|  0|  14|           1|          14|
    |select_ln890_10_fu_1306_p3  |    select|   0|  0|  16|           1|          16|
    |select_ln890_11_fu_1386_p3  |    select|   0|  0|   2|           1|           2|
    |select_ln890_12_fu_1420_p3  |    select|   0|  0|  16|           1|          16|
    |select_ln890_13_fu_1502_p3  |    select|   0|  0|   2|           1|           2|
    |select_ln890_14_fu_1540_p3  |    select|   0|  0|  16|           1|          16|
    |select_ln890_15_fu_1660_p3  |    select|   0|  0|  16|           1|          16|
    |select_ln890_16_fu_1730_p3  |    select|   0|  0|   2|           1|           2|
    |select_ln890_17_fu_3036_p3  |    select|   0|  0|  16|           1|          16|
    |select_ln890_18_fu_1820_p3  |    select|   0|  0|   2|           1|           2|
    |select_ln890_19_fu_3058_p3  |    select|   0|  0|  16|           1|          16|
    |select_ln890_1_fu_674_p3    |    select|   0|  0|   2|           1|           2|
    |select_ln890_20_fu_3081_p3  |    select|   0|  0|  16|           1|          16|
    |select_ln890_21_fu_2006_p3  |    select|   0|  0|   2|           1|           2|
    |select_ln890_22_fu_3104_p3  |    select|   0|  0|  16|           1|          16|
    |select_ln890_23_fu_2096_p3  |    select|   0|  0|   2|           1|           2|
    |select_ln890_24_fu_3127_p3  |    select|   0|  0|  16|           1|          16|
    |select_ln890_25_fu_3150_p3  |    select|   0|  0|  16|           1|          16|
    |select_ln890_26_fu_2282_p3  |    select|   0|  0|   2|           1|           2|
    |select_ln890_27_fu_3173_p3  |    select|   0|  0|  16|           1|          16|
    |select_ln890_28_fu_2372_p3  |    select|   0|  0|   2|           1|           2|
    |select_ln890_29_fu_3196_p3  |    select|   0|  0|  16|           1|          16|
    |select_ln890_2_fu_708_p3    |    select|   0|  0|  15|           1|          15|
    |select_ln890_30_fu_3219_p3  |    select|   0|  0|  16|           1|          16|
    |select_ln890_31_fu_2558_p3  |    select|   0|  0|   2|           1|           2|
    |select_ln890_32_fu_3242_p3  |    select|   0|  0|  16|           1|          16|
    |select_ln890_33_fu_2648_p3  |    select|   0|  0|   2|           1|           2|
    |select_ln890_34_fu_3266_p3  |    select|   0|  0|  16|           1|          16|
    |select_ln890_35_fu_3288_p3  |    select|   0|  0|  16|           1|          16|
    |select_ln890_36_fu_2834_p3  |    select|   0|  0|   2|           1|           2|
    |select_ln890_37_fu_3311_p3  |    select|   0|  0|  16|           1|          16|
    |select_ln890_38_fu_2924_p3  |    select|   0|  0|   2|           1|           2|
    |select_ln890_39_fu_3334_p3  |    select|   0|  0|  16|           1|          16|
    |select_ln890_3_fu_790_p3    |    select|   0|  0|   2|           1|           2|
    |select_ln890_4_fu_828_p3    |    select|   0|  0|  15|           1|          15|
    |select_ln890_5_fu_952_p3    |    select|   0|  0|  16|           1|          16|
    |select_ln890_6_fu_1032_p3   |    select|   0|  0|   2|           1|           2|
    |select_ln890_7_fu_1066_p3   |    select|   0|  0|  16|           1|          16|
    |select_ln890_8_fu_1148_p3   |    select|   0|  0|   2|           1|           2|
    |select_ln890_9_fu_1186_p3   |    select|   0|  0|  16|           1|          16|
    |select_ln890_fu_590_p3      |    select|   0|  0|  14|           1|          14|
    |xor_ln243_1_fu_888_p2       |       xor|   0|  0|   2|           1|           2|
    |xor_ln243_2_fu_1242_p2      |       xor|   0|  0|   2|           1|           2|
    |xor_ln243_3_fu_1596_p2      |       xor|   0|  0|   2|           1|           2|
    |xor_ln243_4_fu_1898_p2      |       xor|   0|  0|   2|           1|           2|
    |xor_ln243_5_fu_2174_p2      |       xor|   0|  0|   2|           1|           2|
    |xor_ln243_6_fu_2450_p2      |       xor|   0|  0|   2|           1|           2|
    |xor_ln243_7_fu_2726_p2      |       xor|   0|  0|   2|           1|           2|
    |xor_ln243_fu_532_p2         |       xor|   0|  0|   2|           1|           2|
    |xor_ln250_1_fu_988_p2       |       xor|   0|  0|   2|           1|           2|
    |xor_ln250_2_fu_1342_p2      |       xor|   0|  0|   2|           1|           2|
    |xor_ln250_3_fu_1696_p2      |       xor|   0|  0|   2|           1|           2|
    |xor_ln250_4_fu_1972_p2      |       xor|   0|  0|   2|           1|           2|
    |xor_ln250_5_fu_2248_p2      |       xor|   0|  0|   2|           1|           2|
    |xor_ln250_6_fu_2524_p2      |       xor|   0|  0|   2|           1|           2|
    |xor_ln250_7_fu_2800_p2      |       xor|   0|  0|   2|           1|           2|
    |xor_ln250_fu_630_p2         |       xor|   0|  0|   2|           1|           2|
    |xor_ln256_1_fu_1136_p2      |       xor|   0|  0|   2|           1|           2|
    |xor_ln256_2_fu_1490_p2      |       xor|   0|  0|   2|           1|           2|
    |xor_ln256_3_fu_1808_p2      |       xor|   0|  0|   2|           1|           2|
    |xor_ln256_4_fu_2084_p2      |       xor|   0|  0|   2|           1|           2|
    |xor_ln256_5_fu_2360_p2      |       xor|   0|  0|   2|           1|           2|
    |xor_ln256_6_fu_2636_p2      |       xor|   0|  0|   2|           1|           2|
    |xor_ln256_7_fu_2912_p2      |       xor|   0|  0|   2|           1|           2|
    |xor_ln256_fu_778_p2         |       xor|   0|  0|   2|           1|           2|
    |xor_ln257_1_fu_1106_p2      |       xor|   0|  0|   2|           1|           2|
    |xor_ln257_2_fu_1460_p2      |       xor|   0|  0|   2|           1|           2|
    |xor_ln257_3_fu_1788_p2      |       xor|   0|  0|   2|           1|           2|
    |xor_ln257_4_fu_2064_p2      |       xor|   0|  0|   2|           1|           2|
    |xor_ln257_5_fu_2340_p2      |       xor|   0|  0|   2|           1|           2|
    |xor_ln257_6_fu_2616_p2      |       xor|   0|  0|   2|           1|           2|
    |xor_ln257_7_fu_2892_p2      |       xor|   0|  0|   2|           1|           2|
    |xor_ln257_fu_748_p2         |       xor|   0|  0|   2|           1|           2|
    |xor_ln886_10_fu_2180_p2     |       xor|   0|  0|   2|           1|           2|
    |xor_ln886_11_fu_2270_p2     |       xor|   0|  0|   2|           1|           2|
    |xor_ln886_12_fu_2456_p2     |       xor|   0|  0|   2|           1|           2|
    |xor_ln886_13_fu_2546_p2     |       xor|   0|  0|   2|           1|           2|
    |xor_ln886_14_fu_2732_p2     |       xor|   0|  0|   2|           1|           2|
    |xor_ln886_15_fu_2822_p2     |       xor|   0|  0|   2|           1|           2|
    |xor_ln886_1_fu_662_p2       |       xor|   0|  0|   2|           1|           2|
    |xor_ln886_2_fu_904_p2       |       xor|   0|  0|   2|           1|           2|
    |xor_ln886_3_fu_1020_p2      |       xor|   0|  0|   2|           1|           2|
    |xor_ln886_4_fu_1258_p2      |       xor|   0|  0|   2|           1|           2|
    |xor_ln886_5_fu_1374_p2      |       xor|   0|  0|   2|           1|           2|
    |xor_ln886_6_fu_1612_p2      |       xor|   0|  0|   2|           1|           2|
    |xor_ln886_7_fu_1718_p2      |       xor|   0|  0|   2|           1|           2|
    |xor_ln886_8_fu_1904_p2      |       xor|   0|  0|   2|           1|           2|
    |xor_ln886_9_fu_1994_p2      |       xor|   0|  0|   2|           1|           2|
    |xor_ln886_fu_548_p2         |       xor|   0|  0|   2|           1|           2|
    |xor_ln890_1_fu_916_p2       |       xor|   0|  0|   2|           1|           1|
    |xor_ln890_2_fu_1270_p2      |       xor|   0|  0|   2|           1|           1|
    |xor_ln890_3_fu_1624_p2      |       xor|   0|  0|   2|           1|           1|
    |xor_ln890_4_fu_1916_p2      |       xor|   0|  0|   2|           1|           1|
    |xor_ln890_5_fu_2192_p2      |       xor|   0|  0|   2|           1|           1|
    |xor_ln890_6_fu_2468_p2      |       xor|   0|  0|   2|           1|           1|
    |xor_ln890_7_fu_2744_p2      |       xor|   0|  0|   2|           1|           1|
    |xor_ln890_fu_560_p2         |       xor|   0|  0|   2|           1|           1|
    +----------------------------+----------+----+---+----+------------+------------+
    |Total                       |          |   0|  0|3214|        1563|        2119|
    +----------------------------+----------+----+---+----+------------+------------+

    * Multiplexer: 
    +-------------+----+-----------+-----+-----------+
    |     Name    | LUT| Input Size| Bits| Total Bits|
    +-------------+----+-----------+-----+-----------+
    |ap_return_0  |   9|          2|    2|          4|
    |ap_return_1  |   9|          2|    4|          8|
    |ap_return_2  |   9|          2|   16|         32|
    |ap_return_3  |   9|          2|    3|          6|
    |ap_return_4  |   9|          2|    4|          8|
    +-------------+----+-----------+-----+-----------+
    |Total        |  45|         10|   29|         58|
    +-------------+----+-----------+-----+-----------+

    * Register: 
    +--------------------------------------+----+----+-----+-----------+
    |                 Name                 | FF | LUT| Bits| Const Bits|
    +--------------------------------------+----+----+-----+-----------+
    |and_ln890_19_reg_3522                 |   1|   0|    1|          0|
    |and_ln890_21_reg_3532                 |   1|   0|    1|          0|
    |and_ln890_23_reg_3542                 |   1|   0|    1|          0|
    |and_ln890_25_reg_3552                 |   1|   0|    1|          0|
    |and_ln890_27_reg_3562                 |   1|   0|    1|          0|
    |and_ln890_29_reg_3572                 |   1|   0|    1|          0|
    |and_ln890_31_reg_3582                 |   1|   0|    1|          0|
    |and_ln890_33_reg_3592                 |   1|   0|    1|          0|
    |and_ln890_35_reg_3602                 |   1|   0|    1|          0|
    |and_ln890_37_reg_3612                 |   1|   0|    1|          0|
    |and_ln890_39_reg_3622                 |   1|   0|    1|          0|
    |and_ln890_39_reg_3622_pp0_iter1_reg   |   1|   0|    1|          0|
    |and_ln890_41_reg_3632                 |   1|   0|    1|          0|
    |and_ln890_41_reg_3632_pp0_iter1_reg   |   1|   0|    1|          0|
    |and_ln890_43_reg_3642                 |   1|   0|    1|          0|
    |and_ln890_43_reg_3642_pp0_iter1_reg   |   1|   0|    1|          0|
    |and_ln890_45_reg_3652                 |   1|   0|    1|          0|
    |and_ln890_45_reg_3652_pp0_iter1_reg   |   1|   0|    1|          0|
    |and_ln890_46_reg_3657                 |   1|   0|    1|          0|
    |and_ln890_46_reg_3657_pp0_iter1_reg   |   1|   0|    1|          0|
    |ap_ce_reg                             |   1|   0|    1|          0|
    |ap_return_0_int_reg                   |   2|   0|    5|          3|
    |ap_return_1_int_reg                   |   4|   0|    4|          0|
    |ap_return_2_int_reg                   |  16|   0|   16|          0|
    |ap_return_3_int_reg                   |   3|   0|    3|          0|
    |ap_return_4_int_reg                   |   4|   0|    4|          0|
    |cc_nhits_V_reg_3662                   |   4|   0|    4|          0|
    |cc_nhits_V_reg_3662_pp0_iter1_reg     |   4|   0|    4|          0|
    |hit_dt_int_reg                        |   3|   0|    3|          0|
    |icmp_ln256_3_reg_3527                 |   1|   0|    1|          0|
    |icmp_ln256_4_reg_3557                 |   1|   0|    1|          0|
    |icmp_ln256_5_reg_3587                 |   1|   0|    1|          0|
    |icmp_ln256_6_reg_3617                 |   1|   0|    1|          0|
    |icmp_ln256_6_reg_3617_pp0_iter1_reg   |   1|   0|    1|          0|
    |icmp_ln256_7_reg_3647                 |   1|   0|    1|          0|
    |icmp_ln256_7_reg_3647_pp0_iter1_reg   |   1|   0|    1|          0|
    |icmp_ln878_reg_3502                   |   1|   0|    1|          0|
    |icmp_ln878_reg_3502_pp0_iter1_reg     |   1|   0|    1|          0|
    |icmp_ln886_26_reg_3517                |   1|   0|    1|          0|
    |icmp_ln886_27_reg_3537                |   1|   0|    1|          0|
    |icmp_ln886_28_reg_3547                |   1|   0|    1|          0|
    |icmp_ln886_29_reg_3567                |   1|   0|    1|          0|
    |icmp_ln886_30_reg_3577                |   1|   0|    1|          0|
    |icmp_ln886_31_reg_3597                |   1|   0|    1|          0|
    |icmp_ln886_32_reg_3607                |   1|   0|    1|          0|
    |icmp_ln886_33_reg_3627                |   1|   0|    1|          0|
    |icmp_ln886_33_reg_3627_pp0_iter1_reg  |   1|   0|    1|          0|
    |icmp_ln886_34_reg_3637                |   1|   0|    1|          0|
    |icmp_ln886_34_reg_3637_pp0_iter1_reg  |   1|   0|    1|          0|
    |p_read1010_reg_3487                   |  13|   0|   13|          0|
    |p_read10_int_reg                      |  13|   0|   13|          0|
    |p_read11_int_reg                      |  13|   0|   13|          0|
    |p_read12_int_reg                      |  13|   0|   13|          0|
    |p_read13_int_reg                      |   3|   0|    3|          0|
    |p_read14_int_reg                      |   3|   0|    3|          0|
    |p_read15_int_reg                      |   3|   0|    3|          0|
    |p_read16_int_reg                      |   3|   0|    3|          0|
    |p_read17_int_reg                      |   3|   0|    3|          0|
    |p_read18_int_reg                      |   3|   0|    3|          0|
    |p_read19_int_reg                      |   3|   0|    3|          0|
    |p_read20_int_reg                      |   3|   0|    3|          0|
    |p_read21_int_reg                      |  13|   0|   13|          0|
    |p_read22_int_reg                      |  13|   0|   13|          0|
    |p_read23_int_reg                      |  13|   0|   13|          0|
    |p_read24_int_reg                      |  13|   0|   13|          0|
    |p_read25_int_reg                      |  13|   0|   13|          0|
    |p_read26_int_reg                      |  13|   0|   13|          0|
    |p_read27_int_reg                      |  13|   0|   13|          0|
    |p_read28_int_reg                      |  13|   0|   13|          0|
    |p_read29_int_reg                      |  13|   0|   13|          0|
    |p_read30_int_reg                      |   3|   0|    3|          0|
    |p_read31_int_reg                      |   3|   0|    3|          0|
    |p_read32_int_reg                      |   3|   0|    3|          0|
    |p_read33_int_reg                      |   3|   0|    3|          0|
    |p_read34_int_reg                      |   3|   0|    3|          0|
    |p_read35_int_reg                      |   3|   0|    3|          0|
    |p_read36_int_reg                      |   3|   0|    3|          0|
    |p_read37_int_reg                      |   3|   0|    3|          0|
    |p_read38_int_reg                      |   3|   0|    3|          0|
    |p_read39_int_reg                      |  13|   0|   13|          0|
    |p_read40_int_reg                      |  13|   0|   13|          0|
    |p_read41_int_reg                      |  13|   0|   13|          0|
    |p_read42_int_reg                      |  13|   0|   13|          0|
    |p_read43_int_reg                      |  13|   0|   13|          0|
    |p_read44_int_reg                      |  13|   0|   13|          0|
    |p_read45_int_reg                      |  13|   0|   13|          0|
    |p_read46_int_reg                      |  13|   0|   13|          0|
    |p_read47_int_reg                      |   3|   0|    3|          0|
    |p_read48_int_reg                      |   3|   0|    3|          0|
    |p_read49_int_reg                      |   3|   0|    3|          0|
    |p_read50_int_reg                      |   3|   0|    3|          0|
    |p_read51_int_reg                      |   3|   0|    3|          0|
    |p_read52_int_reg                      |   3|   0|    3|          0|
    |p_read53_int_reg                      |   3|   0|    3|          0|
    |p_read54_int_reg                      |   3|   0|    3|          0|
    |p_read5_int_reg                       |  13|   0|   13|          0|
    |p_read6_int_reg                       |  13|   0|   13|          0|
    |p_read7_int_reg                       |  13|   0|   13|          0|
    |p_read88_reg_3497                     |  13|   0|   13|          0|
    |p_read8_int_reg                       |  13|   0|   13|          0|
    |p_read99_reg_3492                     |  13|   0|   13|          0|
    |p_read9_int_reg                       |  13|   0|   13|          0|
    |p_read_10_reg_3437                    |  13|   0|   13|          0|
    |p_read_11_reg_3442                    |  13|   0|   13|          0|
    |p_read_12_reg_3447                    |  13|   0|   13|          0|
    |p_read_24_reg_3452                    |   3|   0|    3|          0|
    |p_read_24_reg_3452_pp0_iter1_reg      |   3|   0|    3|          0|
    |p_read_25_reg_3457                    |  13|   0|   13|          0|
    |p_read_25_reg_3457_pp0_iter1_reg      |  13|   0|   13|          0|
    |p_read_26_reg_3462                    |  13|   0|   13|          0|
    |p_read_27_reg_3467                    |  13|   0|   13|          0|
    |p_read_28_reg_3472                    |  13|   0|   13|          0|
    |p_read_41_reg_3477                    |  13|   0|   13|          0|
    |p_read_41_reg_3477_pp0_iter1_reg      |  13|   0|   13|          0|
    |p_read_42_reg_3482                    |  13|   0|   13|          0|
    |p_read_8_reg_3427                     |  13|   0|   13|          0|
    |p_read_8_reg_3427_pp0_iter1_reg       |  13|   0|   13|          0|
    |p_read_9_reg_3432                     |  13|   0|   13|          0|
    |p_read_9_reg_3432_pp0_iter1_reg       |  13|   0|   13|          0|
    |seed_threshold_int_reg                |  13|   0|   13|          0|
    |select_ln890_15_reg_3510              |  16|   0|   16|          0|
    |select_ln890_32_reg_3667              |  16|   0|   16|          0|
    |x_int_reg                             |   2|   0|    2|          0|
    |x_read_reg_3422                       |   2|   0|    2|          0|
    |x_read_reg_3422_pp0_iter1_reg         |   2|   0|    2|          0|
    |y_int_reg                             |   4|   0|    4|          0|
    |y_read_reg_3417                       |   4|   0|    4|          0|
    |y_read_reg_3417_pp0_iter1_reg         |   4|   0|    4|          0|
    +--------------------------------------+----+----+-----+-----------+
    |Total                                 | 784|   0|  787|          3|
    +--------------------------------------+----+----+-----+-----------+



================================================================
== Interface
================================================================
* Summary: 
+----------------+-----+-----+------------+----------------+--------------+
|    RTL Ports   | Dir | Bits|  Protocol  |  Source Object |    C Type    |
+----------------+-----+-----+------------+----------------+--------------+
|ap_clk          |   in|    1|  ap_ctrl_hs|    Find_cluster|  return value|
|ap_rst          |   in|    1|  ap_ctrl_hs|    Find_cluster|  return value|
|ap_return_0     |  out|    5|  ap_ctrl_hs|    Find_cluster|  return value|
|ap_return_1     |  out|    4|  ap_ctrl_hs|    Find_cluster|  return value|
|ap_return_2     |  out|   16|  ap_ctrl_hs|    Find_cluster|  return value|
|ap_return_3     |  out|    3|  ap_ctrl_hs|    Find_cluster|  return value|
|ap_return_4     |  out|    4|  ap_ctrl_hs|    Find_cluster|  return value|
|ap_ce           |   in|    1|  ap_ctrl_hs|    Find_cluster|  return value|
|p_read5         |   in|   13|     ap_none|         p_read5|        scalar|
|p_read6         |   in|   13|     ap_none|         p_read6|        scalar|
|p_read7         |   in|   13|     ap_none|         p_read7|        scalar|
|p_read8         |   in|   13|     ap_none|         p_read8|        scalar|
|p_read9         |   in|   13|     ap_none|         p_read9|        scalar|
|p_read10        |   in|   13|     ap_none|        p_read10|        scalar|
|p_read11        |   in|   13|     ap_none|        p_read11|        scalar|
|p_read12        |   in|   13|     ap_none|        p_read12|        scalar|
|p_read13        |   in|    3|     ap_none|        p_read13|        scalar|
|p_read14        |   in|    3|     ap_none|        p_read14|        scalar|
|p_read15        |   in|    3|     ap_none|        p_read15|        scalar|
|p_read16        |   in|    3|     ap_none|        p_read16|        scalar|
|p_read17        |   in|    3|     ap_none|        p_read17|        scalar|
|p_read18        |   in|    3|     ap_none|        p_read18|        scalar|
|p_read19        |   in|    3|     ap_none|        p_read19|        scalar|
|p_read20        |   in|    3|     ap_none|        p_read20|        scalar|
|p_read21        |   in|   13|     ap_none|        p_read21|        scalar|
|p_read22        |   in|   13|     ap_none|        p_read22|        scalar|
|p_read23        |   in|   13|     ap_none|        p_read23|        scalar|
|p_read24        |   in|   13|     ap_none|        p_read24|        scalar|
|p_read25        |   in|   13|     ap_none|        p_read25|        scalar|
|p_read26        |   in|   13|     ap_none|        p_read26|        scalar|
|p_read27        |   in|   13|     ap_none|        p_read27|        scalar|
|p_read28        |   in|   13|     ap_none|        p_read28|        scalar|
|p_read29        |   in|   13|     ap_none|        p_read29|        scalar|
|p_read30        |   in|    3|     ap_none|        p_read30|        scalar|
|p_read31        |   in|    3|     ap_none|        p_read31|        scalar|
|p_read32        |   in|    3|     ap_none|        p_read32|        scalar|
|p_read33        |   in|    3|     ap_none|        p_read33|        scalar|
|p_read34        |   in|    3|     ap_none|        p_read34|        scalar|
|p_read35        |   in|    3|     ap_none|        p_read35|        scalar|
|p_read36        |   in|    3|     ap_none|        p_read36|        scalar|
|p_read37        |   in|    3|     ap_none|        p_read37|        scalar|
|p_read38        |   in|    3|     ap_none|        p_read38|        scalar|
|p_read39        |   in|   13|     ap_none|        p_read39|        scalar|
|p_read40        |   in|   13|     ap_none|        p_read40|        scalar|
|p_read41        |   in|   13|     ap_none|        p_read41|        scalar|
|p_read42        |   in|   13|     ap_none|        p_read42|        scalar|
|p_read43        |   in|   13|     ap_none|        p_read43|        scalar|
|p_read44        |   in|   13|     ap_none|        p_read44|        scalar|
|p_read45        |   in|   13|     ap_none|        p_read45|        scalar|
|p_read46        |   in|   13|     ap_none|        p_read46|        scalar|
|p_read47        |   in|    3|     ap_none|        p_read47|        scalar|
|p_read48        |   in|    3|     ap_none|        p_read48|        scalar|
|p_read49        |   in|    3|     ap_none|        p_read49|        scalar|
|p_read50        |   in|    3|     ap_none|        p_read50|        scalar|
|p_read51        |   in|    3|     ap_none|        p_read51|        scalar|
|p_read52        |   in|    3|     ap_none|        p_read52|        scalar|
|p_read53        |   in|    3|     ap_none|        p_read53|        scalar|
|p_read54        |   in|    3|     ap_none|        p_read54|        scalar|
|hit_dt          |   in|    3|     ap_none|          hit_dt|        scalar|
|seed_threshold  |   in|   13|     ap_none|  seed_threshold|        scalar|
|x               |   in|    2|     ap_none|               x|        scalar|
|y               |   in|    4|     ap_none|               y|        scalar|
+----------------+-----+-----+------------+----------------+--------------+

